../Core/Src/main.c:70:6:vTaskBusyWait	24	static,ignoring_inline_asm
../Core/Src/main.c:76:6:vUARTSendingTask	24	static
../Core/Src/main.c:88:6:vUARTHighPriorityTask	24	static
../Core/Src/main.c:102:6:vUARTLowPriorityTask	24	static
../Core/Src/main.c:121:5:main	24	static
../Core/Src/main.c:214:6:SystemClock_Config	88	static
../Core/Src/main.c:261:13:MX_USART2_UART_Init	8	static
../Core/Src/main.c:294:13:MX_GPIO_Init	16	static
../Core/Src/main.c:319:6:StartDefaultTask	16	static
../Core/Src/main.c:338:6:HAL_TIM_PeriodElapsedCallback	16	static
../Core/Src/main.c:356:6:Error_Handler	4	static,ignoring_inline_asm
